// Jest Snapshot v1, https://goo.gl/fbAQLP

exports[`renders route with special character in path 1`] = `
[
  {
    "html": "<!DOCTYPE html><html><head>
  <title>Prerenderer Test</title>
</head>
<body>
  <script>
    document.addEventListener('DOMContentLoaded', () => {
      document.body.innerHTML += '<p>Render Output</p>'
    })
  </script>


<p>Render Output</p></body></html>",
    "originalRoute": "/tést.html",
    "route": "/tést.html",
  },
]
`;
